IQ-TREE multicore version 2.4.0 for Linux x86 64-bit built Feb 12 2025
Developed by Bui Quang Minh, Nguyen Lam Tung, Olga Chernomor, Heiko Schmidt,
Dominik Schrempf, Michael Woodhams, Ly Trong Nhan, Thomas Wong

Host:    whoflucormorant (AVX512, FMA3, 251 GB RAM)
Command: iqtree2 --threads-max 1 -s results/h1n1pdm_ha/tree/h1n1pdm_ha_aligned-delim.fasta -m GTR --ninit 2 -n 2 --epsilon 0.05 -T AUTO --redo
Seed:    289851 (Using SPRNG - Scalable Parallel Random Number Generator)
Time:    Wed Apr 23 11:27:31 2025
Kernel:  AVX+FMA - auto-detect threads (64 CPU cores detected)

Reading alignment file results/h1n1pdm_ha/tree/h1n1pdm_ha_aligned-delim.fasta ... Fasta format detected
Reading fasta file: done in 0.00208925 secs using 81.7% CPU
Alignment most likely contains DNA/RNA sequences
Alignment has 95 sequences with 1752 columns, 264 distinct patterns
131 parsimony-informative, 171 singleton sites, 1450 constant sites
                                                                                    Gap/Ambiguity  Composition  p-value
Analyzing sequences: done in 4.34965e-05 secs using 98.86% CPU
   1  A_DELIM-0x2f_Tasmania_DELIM-0x2f_25_DELIM-0x2f_2025_jan                               2.91%    passed     99.73%
   2  A_DELIM-0x2f_Victoria_DELIM-0x2f_159_DELIM-0x2f_2025_jan                              2.91%    passed     99.53%
   3  A_DELIM-0x2f_Darwin_DELIM-0x2f_274_DELIM-0x2f_2025_mar_o                              2.91%    passed     99.77%
   4  A_DELIM-0x2f_Darwin_DELIM-0x2f_131_DELIM-0x2f_2025_feb                                2.91%    passed     99.77%
   5  A_DELIM-0x2f_Darwin_DELIM-0x2f_204A_DELIM-0x2f_2025_feb                               2.91%    passed     99.77%
   6  A_DELIM-0x2f_Darwin_DELIM-0x2f_289a_DELIM-0x2f_2025_mar_o                             2.91%    passed     99.77%
   7  A_DELIM-0x2f_Darwin_DELIM-0x2f_278_DELIM-0x2f_2025_mar_o                              2.91%    passed     99.77%
   8  A_DELIM-0x2f_Darwin_DELIM-0x2f_139_DELIM-0x2f_2025_feb                                2.91%    passed     99.31%
   9  A_DELIM-0x2f_Tasmania_DELIM-0x2f_49_DELIM-0x2f_2025_feb                               2.91%    passed     98.77%
  10  crickA_DELIM-0x2f_Israel_DELIM-0x2f_R18527_DELIM-0x2f_2024                            2.97%    passed     99.36%
  11  A_DELIM-0x2f_Tasmania_DELIM-0x2f_30_DELIM-0x2f_2025_jan                               2.91%    passed     96.60%
  12  A_DELIM-0x2f_Victoria_DELIM-0x2f_226_DELIM-0x2f_2025_jan                              2.91%    passed     99.94%
  13  A_DELIM-0x2f_Victoria_DELIM-0x2f_121_DELIM-0x2f_2025_feb                              2.91%    passed     99.92%
  14  A_DELIM-0x2f_Canberra_DELIM-0x2f_95_DELIM-0x2f_2025_feb_o                             2.91%    passed     99.92%
  15  A_DELIM-0x2f_Tasmania_DELIM-0x2f_26_DELIM-0x2f_2025_jan                               2.91%    passed     99.92%
  16  A_DELIM-0x2f_Perth_DELIM-0x2f_8_DELIM-0x2f_2025_jan                                   2.91%    passed     99.92%
  17  A_DELIM-0x2f_Victoria_DELIM-0x2f_151_DELIM-0x2f_2025_jan                              2.91%    passed     99.94%
  18  A_DELIM-0x2f_Canberra_DELIM-0x2f_93_DELIM-0x2f_2025_feb                               2.91%    passed     99.76%
  19  A_DELIM-0x2f_Victoria_DELIM-0x2f_156_DELIM-0x2f_2025_jan                              2.91%    passed     99.76%
  20  A_DELIM-0x2f_Canberra_DELIM-0x2f_7_DELIM-0x2f_2025_jan                                2.91%    passed     99.76%
  21  A_DELIM-0x2f_Victoria_DELIM-0x2f_152_DELIM-0x2f_2025_jan                              2.91%    passed     99.77%
  22  A_DELIM-0x2f_Victoria_DELIM-0x2f_252_DELIM-0x2f_2025_feb                              2.91%    passed     99.59%
  23  A_DELIM-0x2f_Victoria_DELIM-0x2f_239_DELIM-0x2f_2025_feb_o                            2.91%    passed     99.68%
  24  A_DELIM-0x2f_Darwin_DELIM-0x2f_1906_DELIM-0x2f_2024_S                                 2.91%    passed     99.56%
  25  A_DELIM-0x2f_Victoria_DELIM-0x2f_190_DELIM-0x2f_2025_feb                              2.91%    passed     99.44%
  26  A_DELIM-0x2f_Canberra_DELIM-0x2f_42_DELIM-0x2f_2025_jan_e                             2.91%    passed     99.20%
  27  A_DELIM-0x2f_New_Caledonia_DELIM-0x2f_50_DELIM-0x2f_2024_dec_o                        2.91%    passed     99.56%
  28  A_DELIM-0x2f_New_Caledonia_DELIM-0x2f_61_DELIM-0x2f_2024_dec_o                        2.91%    passed     99.56%
  29  A_DELIM-0x2f_New_Caledonia_DELIM-0x2f_50_DELIM-0x2f_2024_dec                          2.91%    passed     99.56%
  30  A_DELIM-0x2f_New_Caledonia_DELIM-0x2f_60_DELIM-0x2f_2024_dec                          2.91%    passed     99.56%
  31  A_DELIM-0x2f_New_Caledonia_DELIM-0x2f_54_DELIM-0x2f_2024_dec                          2.91%    passed     99.59%
  32  A_DELIM-0x2f_New_Caledonia_DELIM-0x2f_54_DELIM-0x2f_2024_dec_o                        2.91%    passed     99.59%
  33  A_DELIM-0x2f_New_Caledonia_DELIM-0x2f_64_DELIM-0x2f_2024_dec                          2.91%    passed     99.77%
  34  A_DELIM-0x2f_Victoria_DELIM-0x2f_256_DELIM-0x2f_2025_mar_o                            2.91%    passed     99.87%
  35  A_DELIM-0x2f_Canberra_DELIM-0x2f_45_DELIM-0x2f_2025_jan_e                             2.91%    passed     99.50%
  36  A_DELIM-0x2f_Victoria_DELIM-0x2f_155_DELIM-0x2f_2025_jan                              2.91%    passed     99.88%
  37  A_DELIM-0x2f_Canberra_DELIM-0x2f_89_DELIM-0x2f_2025_feb_o                             2.91%    passed     99.97%
  38  A_DELIM-0x2f_Victoria_DELIM-0x2f_235_DELIM-0x2f_2025_feb                              2.91%    passed     99.83%
  39  A_DELIM-0x2f_Tasmania_DELIM-0x2f_32_DELIM-0x2f_2025_jan                               2.91%    passed     99.33%
  40  A_DELIM-0x2f_Canberra_DELIM-0x2f_53_DELIM-0x2f_2025_jan                               2.91%    passed     99.33%
  41  A_DELIM-0x2f_Victoria_DELIM-0x2f_250_DELIM-0x2f_2025_mar_o                            2.91%    passed     99.88%
  42  A_DELIM-0x2f_Philippines_DELIM-0x2f_27_DELIM-0x2f_2024_nov_o                          2.91%    passed     99.93%
  43  A_DELIM-0x2f_Victoria_DELIM-0x2f_376_DELIM-0x2f_2024_F                                2.91%    passed     99.92%
  44  A_DELIM-0x2f_Victoria_DELIM-0x2f_163_DELIM-0x2f_2025_jan                              2.91%    passed     99.47%
  45  A_DELIM-0x2f_Victoria_DELIM-0x2f_3296_DELIM-0x2f_2024_sep_o                           2.91%    passed     99.92%
  46  A_DELIM-0x2f_Victoria_DELIM-0x2f_225_DELIM-0x2f_2025_jan                              2.91%    passed     99.66%
  47  A_DELIM-0x2f_Perth_DELIM-0x2f_13_DELIM-0x2f_2025_feb                                  2.91%    passed     99.99%
  48  othA_DELIM-0x2f_Vietnam_DELIM-0x2f_Binh_Dinh_DELIM-0x2f_RV1_240118_DELIM-0x2f_2024    2.91%    passed     99.85%
  49  A_DELIM-0x2f_Sydney_DELIM-0x2f_604_DELIM-0x2f_2023_F                                  2.91%    passed     99.69%
  50  A_DELIM-0x2f_Darwin_DELIM-0x2f_328_DELIM-0x2f_2024_F                                  2.91%    passed     99.98%
  51  cdcA_DELIM-0x2f_Michigan_DELIM-0x2f_59_DELIM-0x2f_2023                                0.00%    passed     96.54%
  52  cdcA_DELIM-0x2f_District_Of_Columbia_DELIM-0x2f_03_DELIM-0x2f_2024                    0.00%    passed     97.26%
  53  cdcA_DELIM-0x2f_Connecticut_DELIM-0x2f_17_DELIM-0x2f_2023                             0.00%    passed     97.06%
  54  cdcA_DELIM-0x2f_Michigan_DELIM-0x2f_62_DELIM-0x2f_2023                                0.00%    passed     95.83%
  55  A_DELIM-0x2f_Sydney_DELIM-0x2f_5_DELIM-0x2f_2021e_F                                   0.00%    passed     95.02%
  56  A_DELIM-0x2f_India_DELIM-0x2f_Pun-NIV319324_DELIM-0x2f_2021                           2.00%    passed     97.86%
  57  A_DELIM-0x2f_Sydney_DELIM-0x2f_5_DELIM-0x2f_2021_F                                    2.91%    passed     99.51%
  58  A_DELIM-0x2f_Sydney_DELIM-0x2f_52_DELIM-0x2f_2025_feb                                 2.91%    passed     99.44%
  59  A_DELIM-0x2f_Sydney_DELIM-0x2f_47_DELIM-0x2f_2025_feb                                 2.97%    passed     99.66%
  60  A_DELIM-0x2f_Nepal_DELIM-0x2f_N1428_DELIM-0x2f_2024_aug                               2.91%    passed     99.92%
  61  A_DELIM-0x2f_Victoria_DELIM-0x2f_3263_DELIM-0x2f_2024_S                               2.91%    passed     97.99%
  62  othA_DELIM-0x2f_Sling_DELIM-0x2f_5435_DELIM-0x2f_2024                                 0.00%    passed     98.16%
  63  A_DELIM-0x2f_Darwin_DELIM-0x2f_7_DELIM-0x2f_2023_F                                    2.91%    passed     99.98%
  64  othA_DELIM-0x2f_Scotland_DELIM-0x2f_003_203_DELIM-0x2f_2024                           0.00%    passed     97.75%
  65  cnicA_DELIM-0x2f_Henan-Shancheng_DELIM-0x2f_SWL1468_DELIM-0x2f_2024                   0.00%    passed     96.64%
  66  A_DELIM-0x2f_Victoria_DELIM-0x2f_3370_DELIM-0x2f_2024_S                               2.91%    passed     95.23%
  67  A_DELIM-0x2f_Darwin_DELIM-0x2f_247_DELIM-0x2f_2025_mar                                2.91%    passed     99.01%
  68  A_DELIM-0x2f_Darwin_DELIM-0x2f_230_DELIM-0x2f_2025_feb                                2.91%    passed     98.56%
  69  A_DELIM-0x2f_Victoria_DELIM-0x2f_242_DELIM-0x2f_2025_feb                              2.91%    passed     99.01%
  70  tnicA_DELIM-0x2f_Bangkok_DELIM-0x2f_P3920_DELIM-0x2f_2024                             2.91%    passed     98.34%
  71  A_DELIM-0x2f_Brisbane_DELIM-0x2f_17_DELIM-0x2f_2025_feb                               2.91%    passed     99.01%
  72  A_DELIM-0x2f_Tasmania_DELIM-0x2f_48_DELIM-0x2f_2025_feb                               2.91%    passed     99.01%
  73  A_DELIM-0x2f_Sydney_DELIM-0x2f_49_DELIM-0x2f_2025_feb                                 2.91%    passed     99.26%
  74  A_DELIM-0x2f_Victoria_DELIM-0x2f_158_DELIM-0x2f_2025_jan                              2.91%    passed     99.19%
  75  A_DELIM-0x2f_Canberra_DELIM-0x2f_2_DELIM-0x2f_2025_jan                                2.97%    passed     99.25%
  76  A_DELIM-0x2f_Perth_DELIM-0x2f_7_DELIM-0x2f_2025_jan                                   2.91%    passed     98.89%
  77  A_DELIM-0x2f_Sydney_DELIM-0x2f_44_DELIM-0x2f_2025_feb                                 2.91%    passed     96.31%
  78  A_DELIM-0x2f_Tasmania_DELIM-0x2f_33_DELIM-0x2f_2025_jan                               2.91%    passed     95.66%
  79  A_DELIM-0x2f_Victoria_DELIM-0x2f_213_DELIM-0x2f_2025_jan                              2.91%    passed     97.93%
  80  A_DELIM-0x2f_Canberra_DELIM-0x2f_108_DELIM-0x2f_2025_feb_o                            2.91%    passed     98.17%
  81  A_DELIM-0x2f_Victoria_DELIM-0x2f_4897_DELIM-0x2f_2022e_F                              0.00%    passed     96.73%
  82  A_DELIM-0x2f_Wisconsin_DELIM-0x2f_47_DELIM-0x2f_2022                                  0.00%    passed     94.71%
  83  cdcA_DELIM-0x2f_Illinois_DELIM-0x2f_18_DELIM-0x2f_2023                                0.00%    passed     92.32%
  84  cdcA_DELIM-0x2f_Alaska_DELIM-0x2f_14_DELIM-0x2f_2023                                  0.00%    passed     95.44%
  85  A_DELIM-0x2f_Wisconsin_DELIM-0x2f_67_DELIM-0x2f_2022                                  0.00%    passed     94.40%
  86  cdcA_DELIM-0x2f_Tennessee_DELIM-0x2f_86_DELIM-0x2f_2024                               0.00%    passed     90.90%
  87  A_DELIM-0x2f_Victoria_DELIM-0x2f_4897_DELIM-0x2f_2022_F_S                             2.91%    passed     99.28%
  88  niidA_DELIM-0x2f_Tokyo_DELIM-0x2f_EIS10-980_DELIM-0x2f_2024                           2.91%    passed     97.14%
  89  othA_DELIM-0x2f_California_DELIM-0x2f_LACPHL-INF00606_DELIM-0x2f_2024                 2.91%    passed     99.47%
  90  othA_DELIM-0x2f_French_Polynesia_DELIM-0x2f_HCL024201357901_DELIM-0x2f_2024           0.51%    passed     90.28%
  91  othA_DELIM-0x2f_Hong_Kong_DELIM-0x2f_2931_DELIM-0x2f_2024                             2.91%    passed     97.85%
  92  A_DELIM-0x2f_Sydney_DELIM-0x2f_1_DELIM-0x2f_2024_F                                    2.91%    passed     97.71%
  93  A_DELIM-0x2f_Victoria_DELIM-0x2f_650_DELIM-0x2f_2023_F                                2.91%    passed     99.88%
  94  A_DELIM-0x2f_Wisconsin_DELIM-0x2f_588_DELIM-0x2f_2019                                 0.00%    passed     92.10%
  95  A_DELIM-0x2f_Darwin_DELIM-0x2f_463_DELIM-0x2f_2023_F                                  2.91%    passed     99.70%
****  TOTAL                                                                                 2.42%  0 sequences failed composition chi2 test (p-value<5%; df=3)
NOTE: A_DELIM-0x2f_Darwin_DELIM-0x2f_131_DELIM-0x2f_2025_feb is identical to A_DELIM-0x2f_Darwin_DELIM-0x2f_274_DELIM-0x2f_2025_mar_o but kept for subsequent analysis
NOTE: A_DELIM-0x2f_Victoria_DELIM-0x2f_156_DELIM-0x2f_2025_jan is identical to A_DELIM-0x2f_Canberra_DELIM-0x2f_93_DELIM-0x2f_2025_feb but kept for subsequent analysis
NOTE: A_DELIM-0x2f_New_Caledonia_DELIM-0x2f_61_DELIM-0x2f_2024_dec_o is identical to A_DELIM-0x2f_New_Caledonia_DELIM-0x2f_50_DELIM-0x2f_2024_dec_o but kept for subsequent analysis
NOTE: A_DELIM-0x2f_New_Caledonia_DELIM-0x2f_54_DELIM-0x2f_2024_dec_o is identical to A_DELIM-0x2f_New_Caledonia_DELIM-0x2f_54_DELIM-0x2f_2024_dec but kept for subsequent analysis
NOTE: A_DELIM-0x2f_Tasmania_DELIM-0x2f_48_DELIM-0x2f_2025_feb is identical to A_DELIM-0x2f_Brisbane_DELIM-0x2f_17_DELIM-0x2f_2025_feb but kept for subsequent analysis
NOTE: 5 identical sequences (see below) will be ignored for subsequent analysis
NOTE: A_DELIM-0x2f_Darwin_DELIM-0x2f_204A_DELIM-0x2f_2025_feb (identical to A_DELIM-0x2f_Darwin_DELIM-0x2f_274_DELIM-0x2f_2025_mar_o) is ignored but added at the end
NOTE: A_DELIM-0x2f_Darwin_DELIM-0x2f_289a_DELIM-0x2f_2025_mar_o (identical to A_DELIM-0x2f_Darwin_DELIM-0x2f_274_DELIM-0x2f_2025_mar_o) is ignored but added at the end
NOTE: A_DELIM-0x2f_Darwin_DELIM-0x2f_278_DELIM-0x2f_2025_mar_o (identical to A_DELIM-0x2f_Darwin_DELIM-0x2f_274_DELIM-0x2f_2025_mar_o) is ignored but added at the end
NOTE: A_DELIM-0x2f_New_Caledonia_DELIM-0x2f_50_DELIM-0x2f_2024_dec (identical to A_DELIM-0x2f_New_Caledonia_DELIM-0x2f_50_DELIM-0x2f_2024_dec_o) is ignored but added at the end
NOTE: A_DELIM-0x2f_New_Caledonia_DELIM-0x2f_60_DELIM-0x2f_2024_dec (identical to A_DELIM-0x2f_New_Caledonia_DELIM-0x2f_50_DELIM-0x2f_2024_dec_o) is ignored but added at the end
Alignment was printed to results/h1n1pdm_ha/tree/h1n1pdm_ha_aligned-delim.fasta.uniqueseq.phy

For your convenience alignment with unique sequences printed to results/h1n1pdm_ha/tree/h1n1pdm_ha_aligned-delim.fasta.uniqueseq.phy

Create initial parsimony tree by phylogenetic likelihood library (PLL)... 0.006 seconds

NOTE: 0 MB RAM (0 GB) is required!
Measuring multi-threading efficiency up to 1 CPU cores
Increase to 10 rounds for branch lengths
62 trees examined
Threads: 1 / Time: 1.004 sec / Speedup: 1.000 / Efficiency: 100% / LogL: -11418
BEST NUMBER OF THREADS: 1

Estimate model parameters (epsilon = 0.500)
1. Initial log-likelihood: -5539.170
2. Current log-likelihood: -5327.394
Optimal log-likelihood: -5327.282
Rate parameters:  A-C: 2.38681  A-G: 10.59603  A-T: 1.06099  C-G: 0.31613  C-T: 13.11228  G-T: 1.00000
Base frequencies:  A: 0.351  C: 0.192  G: 0.223  T: 0.235
Parameters optimization took 2 rounds (0.087 sec)
Wrote distance file to... 
Computing ML distances based on estimated model parameters...
Calculating distance matrix: done in 0.0174028 secs using 99.96% CPU
Computing ML distances took 0.017493 sec (of wall-clock time) 0.017487 sec (of CPU time)
Setting up auxiliary I and S matrices: done in 0.000460207 secs using 192.5% CPU
Computing RapidNJ tree took 0.001164 sec (of wall-clock time) 0.002588 sec (of CPU time)
Log-likelihood of RapidNJ tree: -5328.391
--------------------------------------------------------------------
|             INITIALIZING CANDIDATE TREE SET                      |
--------------------------------------------------------------------

Do NNI search on 2 best initial trees
Estimate model parameters (epsilon = 0.500)
BETTER TREE FOUND at iteration 1: -5326.893
Finish initializing candidate tree set (4)
Current best tree score: -5326.893 / CPU time: 0.059
Number of iterations: 2
TREE SEARCH COMPLETED AFTER 2 ITERATIONS / Time: 0h:0m:1s

--------------------------------------------------------------------
|                    FINALIZING TREE SEARCH                        |
--------------------------------------------------------------------
Performs final model parameters optimization
Estimate model parameters (epsilon = 0.050)
1. Initial log-likelihood: -5326.893
Optimal log-likelihood: -5326.893
Rate parameters:  A-C: 2.38600  A-G: 10.60046  A-T: 1.05060  C-G: 0.31053  C-T: 13.11422  G-T: 1.00000
Base frequencies:  A: 0.351  C: 0.192  G: 0.223  T: 0.235
Parameters optimization took 1 rounds (0.007 sec)
BEST SCORE FOUND : -5326.893
Total tree length: 0.232

Total number of iterations: 2
CPU time used for tree search: 0.058 sec (0h:0m:0s)
Wall-clock time used for tree search: 0.059 sec (0h:0m:0s)
Total CPU time used: 1.180 sec (0h:0m:1s)
Total wall-clock time used: 1.208 sec (0h:0m:1s)

Analysis results written to: 
  IQ-TREE report:                results/h1n1pdm_ha/tree/h1n1pdm_ha_aligned-delim.fasta.iqtree
  Maximum-likelihood tree:       results/h1n1pdm_ha/tree/h1n1pdm_ha_aligned-delim.fasta.treefile
  Likelihood distances:          results/h1n1pdm_ha/tree/h1n1pdm_ha_aligned-delim.fasta.mldist
  Screen log file:               results/h1n1pdm_ha/tree/h1n1pdm_ha_aligned-delim.fasta.log

Date and Time: Wed Apr 23 11:27:32 2025
